// Jest Snapshot v1, https://goo.gl/fbAQLP

exports[`Greetings says Hello World 1`] = `
<div>
  <p>
    Hello World
  </p>
</div>
`;
